[0.154s] DEBUG:colcon:Command line arguments: ['/usr/bin/colcon', 'list', '--base-paths', '/home/klaxalk/ws_examples/install/..']
[0.154s] DEBUG:colcon:Parsed command line arguments: Namespace(log_base=None, log_level=None, verb_name='list', build_base='build', ignore_user_meta=False, metas=['./colcon.meta'], base_paths=['/home/klaxalk/ws_examples/install/..'], packages_ignore=None, packages_ignore_regex=None, paths=None, packages_up_to=None, packages_up_to_regex=None, packages_above=None, packages_above_and_dependencies=None, packages_above_depth=None, packages_select_by_dep=None, packages_skip_by_dep=None, packages_skip_up_to=None, packages_select_build_failed=False, packages_skip_build_finished=False, packages_select_test_failures=False, packages_skip_test_passed=False, packages_select=None, packages_skip=None, packages_select_regex=None, packages_skip_regex=None, packages_start=None, packages_end=None, allow_overriding=[], topological_order=False, names_only=False, paths_only=False, topological_graph=False, topological_graph_dot=False, topological_graph_density=False, topological_graph_legend=False, topological_graph_dot_cluster=False, topological_graph_dot_include_skipped=False, mixin_files=None, mixin=None, verb_parser=<colcon_mixin.mixin.mixin_argument.MixinArgumentDecorator object at 0x77d18dbd5280>, verb_extension=<colcon_package_information.verb.list.ListVerb object at 0x77d18db5d2e0>, main=<bound method ListVerb.main of <colcon_package_information.verb.list.ListVerb object at 0x77d18db5d2e0>>, mixin_verb=('list',))
[0.209s] Level 1:colcon.colcon_core.package_discovery:discover_packages(colcon_meta) check parameters
[0.209s] Level 1:colcon.colcon_core.package_discovery:discover_packages(recursive) check parameters
[0.209s] Level 1:colcon.colcon_core.package_discovery:discover_packages(ignore) check parameters
[0.209s] Level 1:colcon.colcon_core.package_discovery:discover_packages(path) check parameters
[0.209s] Level 1:colcon.colcon_core.package_discovery:discover_packages(recursive) discover
[0.209s] INFO:colcon.colcon_core.package_discovery:Crawling recursively for packages in '/home/klaxalk/ws_examples'
[0.209s] Level 1:colcon.colcon_core.package_identification:_identify(/home/klaxalk/ws_examples/install/..) by extensions ['ignore', 'ignore_ament_install']
[0.209s] Level 1:colcon.colcon_core.package_identification:_identify(/home/klaxalk/ws_examples/install/..) by extension 'ignore'
[0.209s] Level 1:colcon.colcon_core.package_identification:_identify(/home/klaxalk/ws_examples/install/..) by extension 'ignore_ament_install'
[0.209s] Level 1:colcon.colcon_core.package_identification:_identify(/home/klaxalk/ws_examples/install/..) by extensions ['colcon_pkg']
[0.209s] Level 1:colcon.colcon_core.package_identification:_identify(/home/klaxalk/ws_examples/install/..) by extension 'colcon_pkg'
[0.210s] Level 1:colcon.colcon_core.package_identification:_identify(/home/klaxalk/ws_examples/install/..) by extensions ['colcon_meta']
[0.210s] Level 1:colcon.colcon_core.package_identification:_identify(/home/klaxalk/ws_examples/install/..) by extension 'colcon_meta'
[0.210s] Level 1:colcon.colcon_core.package_identification:_identify(/home/klaxalk/ws_examples/install/..) by extensions ['ros']
[0.210s] Level 1:colcon.colcon_core.package_identification:_identify(/home/klaxalk/ws_examples/install/..) by extension 'ros'
[0.247s] Level 1:colcon.colcon_core.package_identification:_identify(/home/klaxalk/ws_examples/install/..) by extensions ['cmake', 'python']
[0.247s] Level 1:colcon.colcon_core.package_identification:_identify(/home/klaxalk/ws_examples/install/..) by extension 'cmake'
[0.247s] Level 1:colcon.colcon_core.package_identification:_identify(/home/klaxalk/ws_examples/install/..) by extension 'python'
[0.247s] Level 1:colcon.colcon_core.package_identification:_identify(/home/klaxalk/ws_examples/install/..) by extensions ['python_setup_py']
[0.247s] Level 1:colcon.colcon_core.package_identification:_identify(/home/klaxalk/ws_examples/install/..) by extension 'python_setup_py'
[0.247s] Level 1:colcon.colcon_core.package_identification:_identify(/home/klaxalk/ws_examples/install/../build) by extensions ['ignore', 'ignore_ament_install']
[0.247s] Level 1:colcon.colcon_core.package_identification:_identify(/home/klaxalk/ws_examples/install/../build) by extension 'ignore'
[0.247s] Level 1:colcon.colcon_core.package_identification:_identify(/home/klaxalk/ws_examples/install/../build) ignored
[0.248s] Level 1:colcon.colcon_core.package_identification:_identify(/home/klaxalk/ws_examples/install/../install) by extensions ['ignore', 'ignore_ament_install']
[0.248s] Level 1:colcon.colcon_core.package_identification:_identify(/home/klaxalk/ws_examples/install/../install) by extension 'ignore'
[0.248s] Level 1:colcon.colcon_core.package_identification:_identify(/home/klaxalk/ws_examples/install/../install) ignored
[0.248s] Level 1:colcon.colcon_core.package_identification:_identify(/home/klaxalk/ws_examples/install/../log) by extensions ['ignore', 'ignore_ament_install']
[0.248s] Level 1:colcon.colcon_core.package_identification:_identify(/home/klaxalk/ws_examples/install/../log) by extension 'ignore'
[0.248s] Level 1:colcon.colcon_core.package_identification:_identify(/home/klaxalk/ws_examples/install/../log) ignored
[0.248s] Level 1:colcon.colcon_core.package_identification:_identify(/home/klaxalk/ws_examples/install/../src) by extensions ['ignore', 'ignore_ament_install']
[0.248s] Level 1:colcon.colcon_core.package_identification:_identify(/home/klaxalk/ws_examples/install/../src) by extension 'ignore'
[0.248s] Level 1:colcon.colcon_core.package_identification:_identify(/home/klaxalk/ws_examples/install/../src) by extension 'ignore_ament_install'
[0.248s] Level 1:colcon.colcon_core.package_identification:_identify(/home/klaxalk/ws_examples/install/../src) by extensions ['colcon_pkg']
[0.248s] Level 1:colcon.colcon_core.package_identification:_identify(/home/klaxalk/ws_examples/install/../src) by extension 'colcon_pkg'
[0.248s] Level 1:colcon.colcon_core.package_identification:_identify(/home/klaxalk/ws_examples/install/../src) by extensions ['colcon_meta']
[0.248s] Level 1:colcon.colcon_core.package_identification:_identify(/home/klaxalk/ws_examples/install/../src) by extension 'colcon_meta'
[0.248s] Level 1:colcon.colcon_core.package_identification:_identify(/home/klaxalk/ws_examples/install/../src) by extensions ['ros']
[0.248s] Level 1:colcon.colcon_core.package_identification:_identify(/home/klaxalk/ws_examples/install/../src) by extension 'ros'
[0.249s] Level 1:colcon.colcon_core.package_identification:_identify(/home/klaxalk/ws_examples/install/../src) by extensions ['cmake', 'python']
[0.249s] Level 1:colcon.colcon_core.package_identification:_identify(/home/klaxalk/ws_examples/install/../src) by extension 'cmake'
[0.249s] Level 1:colcon.colcon_core.package_identification:_identify(/home/klaxalk/ws_examples/install/../src) by extension 'python'
[0.249s] Level 1:colcon.colcon_core.package_identification:_identify(/home/klaxalk/ws_examples/install/../src) by extensions ['python_setup_py']
[0.249s] Level 1:colcon.colcon_core.package_identification:_identify(/home/klaxalk/ws_examples/install/../src) by extension 'python_setup_py'
[0.249s] Level 1:colcon.colcon_core.package_identification:_identify(/home/klaxalk/ws_examples/install/../src/mrs_core_examples) by extensions ['ignore', 'ignore_ament_install']
[0.249s] Level 1:colcon.colcon_core.package_identification:_identify(/home/klaxalk/ws_examples/install/../src/mrs_core_examples) by extension 'ignore'
[0.249s] Level 1:colcon.colcon_core.package_identification:_identify(/home/klaxalk/ws_examples/install/../src/mrs_core_examples) by extension 'ignore_ament_install'
[0.249s] Level 1:colcon.colcon_core.package_identification:_identify(/home/klaxalk/ws_examples/install/../src/mrs_core_examples) by extensions ['colcon_pkg']
[0.249s] Level 1:colcon.colcon_core.package_identification:_identify(/home/klaxalk/ws_examples/install/../src/mrs_core_examples) by extension 'colcon_pkg'
[0.249s] Level 1:colcon.colcon_core.package_identification:_identify(/home/klaxalk/ws_examples/install/../src/mrs_core_examples) by extensions ['colcon_meta']
[0.249s] Level 1:colcon.colcon_core.package_identification:_identify(/home/klaxalk/ws_examples/install/../src/mrs_core_examples) by extension 'colcon_meta'
[0.249s] Level 1:colcon.colcon_core.package_identification:_identify(/home/klaxalk/ws_examples/install/../src/mrs_core_examples) by extensions ['ros']
[0.249s] Level 1:colcon.colcon_core.package_identification:_identify(/home/klaxalk/ws_examples/install/../src/mrs_core_examples) by extension 'ros'
[0.249s] Level 1:colcon.colcon_core.package_identification:_identify(/home/klaxalk/ws_examples/install/../src/mrs_core_examples) by extensions ['cmake', 'python']
[0.249s] Level 1:colcon.colcon_core.package_identification:_identify(/home/klaxalk/ws_examples/install/../src/mrs_core_examples) by extension 'cmake'
[0.249s] Level 1:colcon.colcon_core.package_identification:_identify(/home/klaxalk/ws_examples/install/../src/mrs_core_examples) by extension 'python'
[0.249s] Level 1:colcon.colcon_core.package_identification:_identify(/home/klaxalk/ws_examples/install/../src/mrs_core_examples) by extensions ['python_setup_py']
[0.249s] Level 1:colcon.colcon_core.package_identification:_identify(/home/klaxalk/ws_examples/install/../src/mrs_core_examples) by extension 'python_setup_py'
[0.249s] Level 1:colcon.colcon_core.package_identification:_identify(/home/klaxalk/ws_examples/install/../src/mrs_core_examples/cpp) by extensions ['ignore', 'ignore_ament_install']
[0.249s] Level 1:colcon.colcon_core.package_identification:_identify(/home/klaxalk/ws_examples/install/../src/mrs_core_examples/cpp) by extension 'ignore'
[0.250s] Level 1:colcon.colcon_core.package_identification:_identify(/home/klaxalk/ws_examples/install/../src/mrs_core_examples/cpp) by extension 'ignore_ament_install'
[0.250s] Level 1:colcon.colcon_core.package_identification:_identify(/home/klaxalk/ws_examples/install/../src/mrs_core_examples/cpp) by extensions ['colcon_pkg']
[0.250s] Level 1:colcon.colcon_core.package_identification:_identify(/home/klaxalk/ws_examples/install/../src/mrs_core_examples/cpp) by extension 'colcon_pkg'
[0.250s] Level 1:colcon.colcon_core.package_identification:_identify(/home/klaxalk/ws_examples/install/../src/mrs_core_examples/cpp) by extensions ['colcon_meta']
[0.250s] Level 1:colcon.colcon_core.package_identification:_identify(/home/klaxalk/ws_examples/install/../src/mrs_core_examples/cpp) by extension 'colcon_meta'
[0.250s] Level 1:colcon.colcon_core.package_identification:_identify(/home/klaxalk/ws_examples/install/../src/mrs_core_examples/cpp) by extensions ['ros']
[0.250s] Level 1:colcon.colcon_core.package_identification:_identify(/home/klaxalk/ws_examples/install/../src/mrs_core_examples/cpp) by extension 'ros'
[0.250s] Level 1:colcon.colcon_core.package_identification:_identify(/home/klaxalk/ws_examples/install/../src/mrs_core_examples/cpp) by extensions ['cmake', 'python']
[0.250s] Level 1:colcon.colcon_core.package_identification:_identify(/home/klaxalk/ws_examples/install/../src/mrs_core_examples/cpp) by extension 'cmake'
[0.250s] Level 1:colcon.colcon_core.package_identification:_identify(/home/klaxalk/ws_examples/install/../src/mrs_core_examples/cpp) by extension 'python'
[0.250s] Level 1:colcon.colcon_core.package_identification:_identify(/home/klaxalk/ws_examples/install/../src/mrs_core_examples/cpp) by extensions ['python_setup_py']
[0.250s] Level 1:colcon.colcon_core.package_identification:_identify(/home/klaxalk/ws_examples/install/../src/mrs_core_examples/cpp) by extension 'python_setup_py'
[0.250s] Level 1:colcon.colcon_core.package_identification:_identify(/home/klaxalk/ws_examples/install/../src/mrs_core_examples/cpp/example_controller_plugin) by extensions ['ignore', 'ignore_ament_install']
[0.250s] Level 1:colcon.colcon_core.package_identification:_identify(/home/klaxalk/ws_examples/install/../src/mrs_core_examples/cpp/example_controller_plugin) by extension 'ignore'
[0.250s] Level 1:colcon.colcon_core.package_identification:_identify(/home/klaxalk/ws_examples/install/../src/mrs_core_examples/cpp/example_controller_plugin) by extension 'ignore_ament_install'
[0.250s] Level 1:colcon.colcon_core.package_identification:_identify(/home/klaxalk/ws_examples/install/../src/mrs_core_examples/cpp/example_controller_plugin) by extensions ['colcon_pkg']
[0.250s] Level 1:colcon.colcon_core.package_identification:_identify(/home/klaxalk/ws_examples/install/../src/mrs_core_examples/cpp/example_controller_plugin) by extension 'colcon_pkg'
[0.250s] Level 1:colcon.colcon_core.package_identification:_identify(/home/klaxalk/ws_examples/install/../src/mrs_core_examples/cpp/example_controller_plugin) by extensions ['colcon_meta']
[0.250s] Level 1:colcon.colcon_core.package_identification:_identify(/home/klaxalk/ws_examples/install/../src/mrs_core_examples/cpp/example_controller_plugin) by extension 'colcon_meta'
[0.250s] Level 1:colcon.colcon_core.package_identification:_identify(/home/klaxalk/ws_examples/install/../src/mrs_core_examples/cpp/example_controller_plugin) by extensions ['ros']
[0.250s] Level 1:colcon.colcon_core.package_identification:_identify(/home/klaxalk/ws_examples/install/../src/mrs_core_examples/cpp/example_controller_plugin) by extension 'ros'
[0.254s] DEBUG:colcon.colcon_core.package_identification:Package '/home/klaxalk/ws_examples/install/../src/mrs_core_examples/cpp/example_controller_plugin' with type 'ros.ament_cmake' and name 'example_controller_plugin'
[0.254s] Level 1:colcon.colcon_core.package_identification:_identify(/home/klaxalk/ws_examples/install/../src/mrs_core_examples/cpp/example_estimator_plugin) by extensions ['ignore', 'ignore_ament_install']
[0.254s] Level 1:colcon.colcon_core.package_identification:_identify(/home/klaxalk/ws_examples/install/../src/mrs_core_examples/cpp/example_estimator_plugin) by extension 'ignore'
[0.254s] Level 1:colcon.colcon_core.package_identification:_identify(/home/klaxalk/ws_examples/install/../src/mrs_core_examples/cpp/example_estimator_plugin) by extension 'ignore_ament_install'
[0.254s] Level 1:colcon.colcon_core.package_identification:_identify(/home/klaxalk/ws_examples/install/../src/mrs_core_examples/cpp/example_estimator_plugin) by extensions ['colcon_pkg']
[0.254s] Level 1:colcon.colcon_core.package_identification:_identify(/home/klaxalk/ws_examples/install/../src/mrs_core_examples/cpp/example_estimator_plugin) by extension 'colcon_pkg'
[0.254s] Level 1:colcon.colcon_core.package_identification:_identify(/home/klaxalk/ws_examples/install/../src/mrs_core_examples/cpp/example_estimator_plugin) by extensions ['colcon_meta']
[0.254s] Level 1:colcon.colcon_core.package_identification:_identify(/home/klaxalk/ws_examples/install/../src/mrs_core_examples/cpp/example_estimator_plugin) by extension 'colcon_meta'
[0.254s] Level 1:colcon.colcon_core.package_identification:_identify(/home/klaxalk/ws_examples/install/../src/mrs_core_examples/cpp/example_estimator_plugin) by extensions ['ros']
[0.254s] Level 1:colcon.colcon_core.package_identification:_identify(/home/klaxalk/ws_examples/install/../src/mrs_core_examples/cpp/example_estimator_plugin) by extension 'ros'
[0.255s] DEBUG:colcon.colcon_core.package_identification:Package '/home/klaxalk/ws_examples/install/../src/mrs_core_examples/cpp/example_estimator_plugin' with type 'ros.ament_cmake' and name 'example_estimator_plugin'
[0.255s] Level 1:colcon.colcon_core.package_identification:_identify(/home/klaxalk/ws_examples/install/../src/mrs_core_examples/cpp/example_pluginlib) by extensions ['ignore', 'ignore_ament_install']
[0.256s] Level 1:colcon.colcon_core.package_identification:_identify(/home/klaxalk/ws_examples/install/../src/mrs_core_examples/cpp/example_pluginlib) by extension 'ignore'
[0.256s] Level 1:colcon.colcon_core.package_identification:_identify(/home/klaxalk/ws_examples/install/../src/mrs_core_examples/cpp/example_pluginlib) by extension 'ignore_ament_install'
[0.256s] Level 1:colcon.colcon_core.package_identification:_identify(/home/klaxalk/ws_examples/install/../src/mrs_core_examples/cpp/example_pluginlib) by extensions ['colcon_pkg']
[0.256s] Level 1:colcon.colcon_core.package_identification:_identify(/home/klaxalk/ws_examples/install/../src/mrs_core_examples/cpp/example_pluginlib) by extension 'colcon_pkg'
[0.256s] Level 1:colcon.colcon_core.package_identification:_identify(/home/klaxalk/ws_examples/install/../src/mrs_core_examples/cpp/example_pluginlib) by extensions ['colcon_meta']
[0.256s] Level 1:colcon.colcon_core.package_identification:_identify(/home/klaxalk/ws_examples/install/../src/mrs_core_examples/cpp/example_pluginlib) by extension 'colcon_meta'
[0.256s] Level 1:colcon.colcon_core.package_identification:_identify(/home/klaxalk/ws_examples/install/../src/mrs_core_examples/cpp/example_pluginlib) by extensions ['ros']
[0.256s] Level 1:colcon.colcon_core.package_identification:_identify(/home/klaxalk/ws_examples/install/../src/mrs_core_examples/cpp/example_pluginlib) by extension 'ros'
[0.256s] Level 1:colcon.colcon_core.package_identification:_identify(/home/klaxalk/ws_examples/install/../src/mrs_core_examples/cpp/example_pluginlib) by extensions ['cmake', 'python']
[0.256s] Level 1:colcon.colcon_core.package_identification:_identify(/home/klaxalk/ws_examples/install/../src/mrs_core_examples/cpp/example_pluginlib) by extension 'cmake'
[0.256s] Level 1:colcon.colcon_core.package_identification:_identify(/home/klaxalk/ws_examples/install/../src/mrs_core_examples/cpp/example_pluginlib) by extension 'python'
[0.256s] Level 1:colcon.colcon_core.package_identification:_identify(/home/klaxalk/ws_examples/install/../src/mrs_core_examples/cpp/example_pluginlib) by extensions ['python_setup_py']
[0.256s] Level 1:colcon.colcon_core.package_identification:_identify(/home/klaxalk/ws_examples/install/../src/mrs_core_examples/cpp/example_pluginlib) by extension 'python_setup_py'
[0.256s] Level 1:colcon.colcon_core.package_identification:_identify(/home/klaxalk/ws_examples/install/../src/mrs_core_examples/cpp/example_pluginlib/example_plugin_manager) by extensions ['ignore', 'ignore_ament_install']
[0.256s] Level 1:colcon.colcon_core.package_identification:_identify(/home/klaxalk/ws_examples/install/../src/mrs_core_examples/cpp/example_pluginlib/example_plugin_manager) by extension 'ignore'
[0.256s] Level 1:colcon.colcon_core.package_identification:_identify(/home/klaxalk/ws_examples/install/../src/mrs_core_examples/cpp/example_pluginlib/example_plugin_manager) by extension 'ignore_ament_install'
[0.256s] Level 1:colcon.colcon_core.package_identification:_identify(/home/klaxalk/ws_examples/install/../src/mrs_core_examples/cpp/example_pluginlib/example_plugin_manager) by extensions ['colcon_pkg']
[0.256s] Level 1:colcon.colcon_core.package_identification:_identify(/home/klaxalk/ws_examples/install/../src/mrs_core_examples/cpp/example_pluginlib/example_plugin_manager) by extension 'colcon_pkg'
[0.257s] Level 1:colcon.colcon_core.package_identification:_identify(/home/klaxalk/ws_examples/install/../src/mrs_core_examples/cpp/example_pluginlib/example_plugin_manager) by extensions ['colcon_meta']
[0.257s] Level 1:colcon.colcon_core.package_identification:_identify(/home/klaxalk/ws_examples/install/../src/mrs_core_examples/cpp/example_pluginlib/example_plugin_manager) by extension 'colcon_meta'
[0.257s] Level 1:colcon.colcon_core.package_identification:_identify(/home/klaxalk/ws_examples/install/../src/mrs_core_examples/cpp/example_pluginlib/example_plugin_manager) by extensions ['ros']
[0.257s] Level 1:colcon.colcon_core.package_identification:_identify(/home/klaxalk/ws_examples/install/../src/mrs_core_examples/cpp/example_pluginlib/example_plugin_manager) by extension 'ros'
[0.258s] DEBUG:colcon.colcon_core.package_identification:Package '/home/klaxalk/ws_examples/install/../src/mrs_core_examples/cpp/example_pluginlib/example_plugin_manager' with type 'ros.ament_cmake' and name 'example_plugin_manager'
[0.258s] Level 1:colcon.colcon_core.package_identification:_identify(/home/klaxalk/ws_examples/install/../src/mrs_core_examples/cpp/example_pluginlib/example_plugins) by extensions ['ignore', 'ignore_ament_install']
[0.258s] Level 1:colcon.colcon_core.package_identification:_identify(/home/klaxalk/ws_examples/install/../src/mrs_core_examples/cpp/example_pluginlib/example_plugins) by extension 'ignore'
[0.258s] Level 1:colcon.colcon_core.package_identification:_identify(/home/klaxalk/ws_examples/install/../src/mrs_core_examples/cpp/example_pluginlib/example_plugins) by extension 'ignore_ament_install'
[0.258s] Level 1:colcon.colcon_core.package_identification:_identify(/home/klaxalk/ws_examples/install/../src/mrs_core_examples/cpp/example_pluginlib/example_plugins) by extensions ['colcon_pkg']
[0.258s] Level 1:colcon.colcon_core.package_identification:_identify(/home/klaxalk/ws_examples/install/../src/mrs_core_examples/cpp/example_pluginlib/example_plugins) by extension 'colcon_pkg'
[0.258s] Level 1:colcon.colcon_core.package_identification:_identify(/home/klaxalk/ws_examples/install/../src/mrs_core_examples/cpp/example_pluginlib/example_plugins) by extensions ['colcon_meta']
[0.258s] Level 1:colcon.colcon_core.package_identification:_identify(/home/klaxalk/ws_examples/install/../src/mrs_core_examples/cpp/example_pluginlib/example_plugins) by extension 'colcon_meta'
[0.258s] Level 1:colcon.colcon_core.package_identification:_identify(/home/klaxalk/ws_examples/install/../src/mrs_core_examples/cpp/example_pluginlib/example_plugins) by extensions ['ros']
[0.258s] Level 1:colcon.colcon_core.package_identification:_identify(/home/klaxalk/ws_examples/install/../src/mrs_core_examples/cpp/example_pluginlib/example_plugins) by extension 'ros'
[0.259s] DEBUG:colcon.colcon_core.package_identification:Package '/home/klaxalk/ws_examples/install/../src/mrs_core_examples/cpp/example_pluginlib/example_plugins' with type 'ros.ament_cmake' and name 'example_plugins'
[0.259s] Level 1:colcon.colcon_core.package_identification:_identify(/home/klaxalk/ws_examples/install/../src/mrs_core_examples/cpp/example_tracker_plugin) by extensions ['ignore', 'ignore_ament_install']
[0.259s] Level 1:colcon.colcon_core.package_identification:_identify(/home/klaxalk/ws_examples/install/../src/mrs_core_examples/cpp/example_tracker_plugin) by extension 'ignore'
[0.259s] Level 1:colcon.colcon_core.package_identification:_identify(/home/klaxalk/ws_examples/install/../src/mrs_core_examples/cpp/example_tracker_plugin) by extension 'ignore_ament_install'
[0.259s] Level 1:colcon.colcon_core.package_identification:_identify(/home/klaxalk/ws_examples/install/../src/mrs_core_examples/cpp/example_tracker_plugin) by extensions ['colcon_pkg']
[0.259s] Level 1:colcon.colcon_core.package_identification:_identify(/home/klaxalk/ws_examples/install/../src/mrs_core_examples/cpp/example_tracker_plugin) by extension 'colcon_pkg'
[0.259s] Level 1:colcon.colcon_core.package_identification:_identify(/home/klaxalk/ws_examples/install/../src/mrs_core_examples/cpp/example_tracker_plugin) by extensions ['colcon_meta']
[0.259s] Level 1:colcon.colcon_core.package_identification:_identify(/home/klaxalk/ws_examples/install/../src/mrs_core_examples/cpp/example_tracker_plugin) by extension 'colcon_meta'
[0.259s] Level 1:colcon.colcon_core.package_identification:_identify(/home/klaxalk/ws_examples/install/../src/mrs_core_examples/cpp/example_tracker_plugin) by extensions ['ros']
[0.260s] Level 1:colcon.colcon_core.package_identification:_identify(/home/klaxalk/ws_examples/install/../src/mrs_core_examples/cpp/example_tracker_plugin) by extension 'ros'
[0.260s] DEBUG:colcon.colcon_core.package_identification:Package '/home/klaxalk/ws_examples/install/../src/mrs_core_examples/cpp/example_tracker_plugin' with type 'ros.ament_cmake' and name 'example_tracker_plugin'
[0.260s] Level 1:colcon.colcon_core.package_identification:_identify(/home/klaxalk/ws_examples/install/../src/mrs_core_examples/cpp/example_waypoint_flier) by extensions ['ignore', 'ignore_ament_install']
[0.260s] Level 1:colcon.colcon_core.package_identification:_identify(/home/klaxalk/ws_examples/install/../src/mrs_core_examples/cpp/example_waypoint_flier) by extension 'ignore'
[0.261s] Level 1:colcon.colcon_core.package_identification:_identify(/home/klaxalk/ws_examples/install/../src/mrs_core_examples/cpp/example_waypoint_flier) by extension 'ignore_ament_install'
[0.261s] Level 1:colcon.colcon_core.package_identification:_identify(/home/klaxalk/ws_examples/install/../src/mrs_core_examples/cpp/example_waypoint_flier) by extensions ['colcon_pkg']
[0.261s] Level 1:colcon.colcon_core.package_identification:_identify(/home/klaxalk/ws_examples/install/../src/mrs_core_examples/cpp/example_waypoint_flier) by extension 'colcon_pkg'
[0.261s] Level 1:colcon.colcon_core.package_identification:_identify(/home/klaxalk/ws_examples/install/../src/mrs_core_examples/cpp/example_waypoint_flier) by extensions ['colcon_meta']
[0.261s] Level 1:colcon.colcon_core.package_identification:_identify(/home/klaxalk/ws_examples/install/../src/mrs_core_examples/cpp/example_waypoint_flier) by extension 'colcon_meta'
[0.261s] Level 1:colcon.colcon_core.package_identification:_identify(/home/klaxalk/ws_examples/install/../src/mrs_core_examples/cpp/example_waypoint_flier) by extensions ['ros']
[0.261s] Level 1:colcon.colcon_core.package_identification:_identify(/home/klaxalk/ws_examples/install/../src/mrs_core_examples/cpp/example_waypoint_flier) by extension 'ros'
[0.262s] DEBUG:colcon.colcon_core.package_identification:Package '/home/klaxalk/ws_examples/install/../src/mrs_core_examples/cpp/example_waypoint_flier' with type 'ros.ament_cmake' and name 'example_waypoint_flier'
[0.262s] Level 1:colcon.colcon_core.package_identification:_identify(/home/klaxalk/ws_examples/install/../src/mrs_core_examples/cpp/example_waypoint_flier_native) by extensions ['ignore', 'ignore_ament_install']
[0.262s] Level 1:colcon.colcon_core.package_identification:_identify(/home/klaxalk/ws_examples/install/../src/mrs_core_examples/cpp/example_waypoint_flier_native) by extension 'ignore'
[0.262s] Level 1:colcon.colcon_core.package_identification:_identify(/home/klaxalk/ws_examples/install/../src/mrs_core_examples/cpp/example_waypoint_flier_native) by extension 'ignore_ament_install'
[0.262s] Level 1:colcon.colcon_core.package_identification:_identify(/home/klaxalk/ws_examples/install/../src/mrs_core_examples/cpp/example_waypoint_flier_native) by extensions ['colcon_pkg']
[0.262s] Level 1:colcon.colcon_core.package_identification:_identify(/home/klaxalk/ws_examples/install/../src/mrs_core_examples/cpp/example_waypoint_flier_native) by extension 'colcon_pkg'
[0.262s] Level 1:colcon.colcon_core.package_identification:_identify(/home/klaxalk/ws_examples/install/../src/mrs_core_examples/cpp/example_waypoint_flier_native) by extensions ['colcon_meta']
[0.262s] Level 1:colcon.colcon_core.package_identification:_identify(/home/klaxalk/ws_examples/install/../src/mrs_core_examples/cpp/example_waypoint_flier_native) by extension 'colcon_meta'
[0.262s] Level 1:colcon.colcon_core.package_identification:_identify(/home/klaxalk/ws_examples/install/../src/mrs_core_examples/cpp/example_waypoint_flier_native) by extensions ['ros']
[0.262s] Level 1:colcon.colcon_core.package_identification:_identify(/home/klaxalk/ws_examples/install/../src/mrs_core_examples/cpp/example_waypoint_flier_native) by extension 'ros'
[0.263s] DEBUG:colcon.colcon_core.package_identification:Package '/home/klaxalk/ws_examples/install/../src/mrs_core_examples/cpp/example_waypoint_flier_native' with type 'ros.ament_cmake' and name 'example_waypoint_flier_native'
[0.264s] Level 1:colcon.colcon_core.package_identification:_identify(/home/klaxalk/ws_examples/install/../src/mrs_core_examples/python) by extensions ['ignore', 'ignore_ament_install']
[0.264s] Level 1:colcon.colcon_core.package_identification:_identify(/home/klaxalk/ws_examples/install/../src/mrs_core_examples/python) by extension 'ignore'
[0.264s] Level 1:colcon.colcon_core.package_identification:_identify(/home/klaxalk/ws_examples/install/../src/mrs_core_examples/python) by extension 'ignore_ament_install'
[0.264s] Level 1:colcon.colcon_core.package_identification:_identify(/home/klaxalk/ws_examples/install/../src/mrs_core_examples/python) by extensions ['colcon_pkg']
[0.264s] Level 1:colcon.colcon_core.package_identification:_identify(/home/klaxalk/ws_examples/install/../src/mrs_core_examples/python) by extension 'colcon_pkg'
[0.264s] Level 1:colcon.colcon_core.package_identification:_identify(/home/klaxalk/ws_examples/install/../src/mrs_core_examples/python) by extensions ['colcon_meta']
[0.264s] Level 1:colcon.colcon_core.package_identification:_identify(/home/klaxalk/ws_examples/install/../src/mrs_core_examples/python) by extension 'colcon_meta'
[0.264s] Level 1:colcon.colcon_core.package_identification:_identify(/home/klaxalk/ws_examples/install/../src/mrs_core_examples/python) by extensions ['ros']
[0.264s] Level 1:colcon.colcon_core.package_identification:_identify(/home/klaxalk/ws_examples/install/../src/mrs_core_examples/python) by extension 'ros'
[0.264s] Level 1:colcon.colcon_core.package_identification:_identify(/home/klaxalk/ws_examples/install/../src/mrs_core_examples/python) by extensions ['cmake', 'python']
[0.264s] Level 1:colcon.colcon_core.package_identification:_identify(/home/klaxalk/ws_examples/install/../src/mrs_core_examples/python) by extension 'cmake'
[0.264s] Level 1:colcon.colcon_core.package_identification:_identify(/home/klaxalk/ws_examples/install/../src/mrs_core_examples/python) by extension 'python'
[0.264s] Level 1:colcon.colcon_core.package_identification:_identify(/home/klaxalk/ws_examples/install/../src/mrs_core_examples/python) by extensions ['python_setup_py']
[0.264s] Level 1:colcon.colcon_core.package_identification:_identify(/home/klaxalk/ws_examples/install/../src/mrs_core_examples/python) by extension 'python_setup_py'
[0.264s] Level 1:colcon.colcon_core.package_identification:_identify(/home/klaxalk/ws_examples/install/../src/mrs_core_examples/python/sweeping_generator) by extensions ['ignore', 'ignore_ament_install']
[0.264s] Level 1:colcon.colcon_core.package_identification:_identify(/home/klaxalk/ws_examples/install/../src/mrs_core_examples/python/sweeping_generator) by extension 'ignore'
[0.265s] Level 1:colcon.colcon_core.package_identification:_identify(/home/klaxalk/ws_examples/install/../src/mrs_core_examples/python/sweeping_generator) by extension 'ignore_ament_install'
[0.265s] Level 1:colcon.colcon_core.package_identification:_identify(/home/klaxalk/ws_examples/install/../src/mrs_core_examples/python/sweeping_generator) by extensions ['colcon_pkg']
[0.265s] Level 1:colcon.colcon_core.package_identification:_identify(/home/klaxalk/ws_examples/install/../src/mrs_core_examples/python/sweeping_generator) by extension 'colcon_pkg'
[0.265s] Level 1:colcon.colcon_core.package_identification:_identify(/home/klaxalk/ws_examples/install/../src/mrs_core_examples/python/sweeping_generator) by extensions ['colcon_meta']
[0.265s] Level 1:colcon.colcon_core.package_identification:_identify(/home/klaxalk/ws_examples/install/../src/mrs_core_examples/python/sweeping_generator) by extension 'colcon_meta'
[0.265s] Level 1:colcon.colcon_core.package_identification:_identify(/home/klaxalk/ws_examples/install/../src/mrs_core_examples/python/sweeping_generator) by extensions ['ros']
[0.265s] Level 1:colcon.colcon_core.package_identification:_identify(/home/klaxalk/ws_examples/install/../src/mrs_core_examples/python/sweeping_generator) by extension 'ros'
[0.265s] DEBUG:colcon.colcon_core.package_identification:Package '/home/klaxalk/ws_examples/install/../src/mrs_core_examples/python/sweeping_generator' with type 'ros.ament_python' and name 'sweeping_generator'
[0.265s] Level 1:colcon.colcon_core.package_discovery:discover_packages(recursive) using defaults
